// Jest Snapshot v1, https://goo.gl/fbAQLP

exports[`Login should render correctly 1`] = `
<Login
  authError={Object {}}
  component={[Function]}
  firebase={
    Object {
      "login": [Function],
    }
  }
>
  <LoginComponent
    authError={Object {}}
    login={[Function]}
    onError={[Function]}
    onSuccess={[Function]}
  >
    <div>
      I live within login component
    </div>
  </LoginComponent>
</Login>
`;
