// Jest Snapshot v1, https://goo.gl/fbAQLP

exports[`[HOC] needsUser should render wrappedComponent correctly 1`] = `
<Provider
  store={
    Object {
      "clearActions": [Function],
      "dispatch": [Function],
      "firebase": Object {
        "INTERNAL": Object {
          "ErrorFactory": [Function],
          "Promise": [Function],
          "createFirebaseNamespace": [Function],
          "createSubscribe": [Function],
          "deepExtend": [Function],
          "extendNamespace": [Function],
          "factories": Object {
            "auth": [Function],
            "database": [Function],
          },
          "node": Object {
            "XMLHttpRequest": [Function],
            "localStorage": Storage {},
            "sessionStorage": Storage {},
          },
          "registerService": [Function],
          "removeApp": [Function],
          "useAsService": [Function],
        },
        "Promise": [Function],
        "SDK_VERSION": "4.8.1",
        "User": [Function],
        "_": Object {
          "authUid": null,
          "config": Object {
            "apiKey": "asdf",
            "authDomain": "asdf",
            "databaseURL": "ws://127.0.1:5000",
            "enableRedirectHandling": false,
            "messagingSenderId": "asdf",
            "storageBucket": "asdf",
            "userProfile": "users",
          },
          "watchers": Object {},
        },
        "__esModule": true,
        "app": [Function],
        "apps": Array [],
        "auth": [Function],
        "database": [Function],
        "default": [Circular],
        "initializeApp": [Function],
      },
      "getActions": [Function],
      "getState": [Function],
      "replaceReducer": [Function],
      "subscribe": [Function],
    }
  }
>
  <Connect(AuthWrapper(SecretComponent))
    location={
      Object {
        "hash": "",
        "pathname": "/some-user-protected-url",
        "search": "",
      }
    }
  >
    <AuthWrapper(SecretComponent)
      dispatch={[Function]}
      isAuthenticated={true}
      isAuthenticating={false}
      location={
        Object {
          "hash": "",
          "pathname": "/some-user-protected-url",
          "search": "",
        }
      }
    >
      <SecretComponent
        dispatch={[Function]}
        isAuthenticated={true}
        isAuthenticating={false}
        location={
          Object {
            "hash": "",
            "pathname": "/some-user-protected-url",
            "search": "",
          }
        }
      >
        <div>
          i am a user
        </div>
      </SecretComponent>
    </AuthWrapper(SecretComponent)>
  </Connect(AuthWrapper(SecretComponent))>
</Provider>
`;
