// Jest Snapshot v1, https://goo.gl/fbAQLP

exports[`[HOC] needsVisitor should not render wrappedComponent and redirect, when isNotAuthenticatedSelector = false 1`] = `
Array [
  Object {
    "payload": Object {
      "args": Array [
        Object {
          "hash": null,
          "pathname": "/you-cant-see-visitor-page",
          "search": "",
        },
      ],
      "method": "replace",
    },
    "type": "@@router/CALL_HISTORY_METHOD",
  },
]
`;

exports[`[HOC] needsVisitor should render Loader when isAuthenticatingSelector = true 1`] = `
<Provider
  store={
    Object {
      "clearActions": [Function],
      "dispatch": [Function],
      "firebase": Object {
        "INTERNAL": Object {
          "ErrorFactory": [Function],
          "Promise": [Function],
          "createFirebaseNamespace": [Function],
          "createSubscribe": [Function],
          "deepExtend": [Function],
          "extendNamespace": [Function],
          "factories": Object {
            "auth": [Function],
            "database": [Function],
          },
          "node": Object {
            "XMLHttpRequest": [Function],
            "localStorage": Storage {},
            "sessionStorage": Storage {},
          },
          "registerService": [Function],
          "removeApp": [Function],
          "useAsService": [Function],
        },
        "Promise": [Function],
        "SDK_VERSION": "4.5.0",
        "User": [Function],
        "_": Object {
          "authUid": null,
          "config": Object {
            "apiKey": "asdf",
            "authDomain": "asdf",
            "databaseURL": "ws://127.0.1:5000",
            "enableRedirectHandling": false,
            "messagingSenderId": "asdf",
            "storageBucket": "asdf",
            "userProfile": "users",
          },
          "watchers": Object {},
        },
        "__esModule": true,
        "app": [Function],
        "apps": Array [],
        "auth": [Function],
        "database": [Function],
        "default": [Circular],
        "initializeApp": [Function],
      },
      "getActions": [Function],
      "getState": [Function],
      "replaceReducer": [Function],
      "subscribe": [Function],
    }
  }
>
  <Connect(AuthWrapper(MyComponent))
    location={
      Object {
        "hash": "",
        "pathname": "/some-visitor-specific-url",
        "search": "",
      }
    }
  >
    <AuthWrapper(MyComponent)
      dispatch={[Function]}
      isAuthenticated={false}
      isAuthenticating={true}
      location={
        Object {
          "hash": "",
          "pathname": "/some-visitor-specific-url",
          "search": "",
        }
      }
      redirectPath="/you-cant-see-visitor-page"
    >
      <Loader
        dispatch={[Function]}
        isAuthenticated={false}
        isAuthenticating={true}
        location={
          Object {
            "hash": "",
            "pathname": "/some-visitor-specific-url",
            "search": "",
          }
        }
        redirectPath="/you-cant-see-visitor-page"
      >
        <withStyles(GridWrapper)
          align="center"
          justify="center"
          style={
            Object {
              "height": "100vh",
            }
          }
        >
          <GridWrapper
            align="center"
            classes={
              Object {
                ".MuiGrid-spacing-xs-16-21 > .MuiGrid-typeItem-2": "MuiGrid-spacing-xs-16-21 > .MuiGrid-typeItem-2",
                ".MuiGrid-spacing-xs-24-22 > .MuiGrid-typeItem-2": "MuiGrid-spacing-xs-24-22 > .MuiGrid-typeItem-2",
                ".MuiGrid-spacing-xs-40-23 > .MuiGrid-typeItem-2": "MuiGrid-spacing-xs-40-23 > .MuiGrid-typeItem-2",
                ".MuiGrid-spacing-xs-8-20 > .MuiGrid-typeItem-2": "MuiGrid-spacing-xs-8-20 > .MuiGrid-typeItem-2",
                "align-content-xs-center": "MuiGrid-align-content-xs-center-11",
                "align-content-xs-flex-end": "MuiGrid-align-content-xs-flex-end-13",
                "align-content-xs-flex-start": "MuiGrid-align-content-xs-flex-start-12",
                "align-content-xs-space-around": "MuiGrid-align-content-xs-space-around-15",
                "align-content-xs-space-between": "MuiGrid-align-content-xs-space-between-14",
                "align-items-xs-baseline": "MuiGrid-align-items-xs-baseline-10",
                "align-items-xs-center": "MuiGrid-align-items-xs-center-7",
                "align-items-xs-flex-end": "MuiGrid-align-items-xs-flex-end-9",
                "align-items-xs-flex-start": "MuiGrid-align-items-xs-flex-start-8",
                "direction-xs-column": "MuiGrid-direction-xs-column-3",
                "direction-xs-column-reverse": "MuiGrid-direction-xs-column-reverse-4",
                "direction-xs-row-reverse": "MuiGrid-direction-xs-row-reverse-5",
                "grid-lg": "MuiGrid-grid-lg-63",
                "grid-lg-1": "MuiGrid-grid-lg-1-64",
                "grid-lg-10": "MuiGrid-grid-lg-10-73",
                "grid-lg-11": "MuiGrid-grid-lg-11-74",
                "grid-lg-12": "MuiGrid-grid-lg-12-75",
                "grid-lg-2": "MuiGrid-grid-lg-2-65",
                "grid-lg-3": "MuiGrid-grid-lg-3-66",
                "grid-lg-4": "MuiGrid-grid-lg-4-67",
                "grid-lg-5": "MuiGrid-grid-lg-5-68",
                "grid-lg-6": "MuiGrid-grid-lg-6-69",
                "grid-lg-7": "MuiGrid-grid-lg-7-70",
                "grid-lg-8": "MuiGrid-grid-lg-8-71",
                "grid-lg-9": "MuiGrid-grid-lg-9-72",
                "grid-md": "MuiGrid-grid-md-50",
                "grid-md-1": "MuiGrid-grid-md-1-51",
                "grid-md-10": "MuiGrid-grid-md-10-60",
                "grid-md-11": "MuiGrid-grid-md-11-61",
                "grid-md-12": "MuiGrid-grid-md-12-62",
                "grid-md-2": "MuiGrid-grid-md-2-52",
                "grid-md-3": "MuiGrid-grid-md-3-53",
                "grid-md-4": "MuiGrid-grid-md-4-54",
                "grid-md-5": "MuiGrid-grid-md-5-55",
                "grid-md-6": "MuiGrid-grid-md-6-56",
                "grid-md-7": "MuiGrid-grid-md-7-57",
                "grid-md-8": "MuiGrid-grid-md-8-58",
                "grid-md-9": "MuiGrid-grid-md-9-59",
                "grid-sm": "MuiGrid-grid-sm-37",
                "grid-sm-1": "MuiGrid-grid-sm-1-38",
                "grid-sm-10": "MuiGrid-grid-sm-10-47",
                "grid-sm-11": "MuiGrid-grid-sm-11-48",
                "grid-sm-12": "MuiGrid-grid-sm-12-49",
                "grid-sm-2": "MuiGrid-grid-sm-2-39",
                "grid-sm-3": "MuiGrid-grid-sm-3-40",
                "grid-sm-4": "MuiGrid-grid-sm-4-41",
                "grid-sm-5": "MuiGrid-grid-sm-5-42",
                "grid-sm-6": "MuiGrid-grid-sm-6-43",
                "grid-sm-7": "MuiGrid-grid-sm-7-44",
                "grid-sm-8": "MuiGrid-grid-sm-8-45",
                "grid-sm-9": "MuiGrid-grid-sm-9-46",
                "grid-xl": "MuiGrid-grid-xl-76",
                "grid-xl-1": "MuiGrid-grid-xl-1-77",
                "grid-xl-10": "MuiGrid-grid-xl-10-86",
                "grid-xl-11": "MuiGrid-grid-xl-11-87",
                "grid-xl-12": "MuiGrid-grid-xl-12-88",
                "grid-xl-2": "MuiGrid-grid-xl-2-78",
                "grid-xl-3": "MuiGrid-grid-xl-3-79",
                "grid-xl-4": "MuiGrid-grid-xl-4-80",
                "grid-xl-5": "MuiGrid-grid-xl-5-81",
                "grid-xl-6": "MuiGrid-grid-xl-6-82",
                "grid-xl-7": "MuiGrid-grid-xl-7-83",
                "grid-xl-8": "MuiGrid-grid-xl-8-84",
                "grid-xl-9": "MuiGrid-grid-xl-9-85",
                "grid-xs": "MuiGrid-grid-xs-24",
                "grid-xs-1": "MuiGrid-grid-xs-1-25",
                "grid-xs-10": "MuiGrid-grid-xs-10-34",
                "grid-xs-11": "MuiGrid-grid-xs-11-35",
                "grid-xs-12": "MuiGrid-grid-xs-12-36",
                "grid-xs-2": "MuiGrid-grid-xs-2-26",
                "grid-xs-3": "MuiGrid-grid-xs-3-27",
                "grid-xs-4": "MuiGrid-grid-xs-4-28",
                "grid-xs-5": "MuiGrid-grid-xs-5-29",
                "grid-xs-6": "MuiGrid-grid-xs-6-30",
                "grid-xs-7": "MuiGrid-grid-xs-7-31",
                "grid-xs-8": "MuiGrid-grid-xs-8-32",
                "grid-xs-9": "MuiGrid-grid-xs-9-33",
                "justify-xs-center": "MuiGrid-justify-xs-center-16",
                "justify-xs-flex-end": "MuiGrid-justify-xs-flex-end-17",
                "justify-xs-space-around": "MuiGrid-justify-xs-space-around-19",
                "justify-xs-space-between": "MuiGrid-justify-xs-space-between-18",
                "spacing-xs-16": "MuiGrid-spacing-xs-16-21",
                "spacing-xs-24": "MuiGrid-spacing-xs-24-22",
                "spacing-xs-40": "MuiGrid-spacing-xs-40-23",
                "spacing-xs-8": "MuiGrid-spacing-xs-8-20",
                "typeContainer": "MuiGrid-typeContainer-1",
                "typeItem": "MuiGrid-typeItem-2",
                "wrap-xs-nowrap": "MuiGrid-wrap-xs-nowrap-6",
              }
            }
            justify="center"
            style={
              Object {
                "height": "100vh",
              }
            }
          >
            <Grid
              align="center"
              alignContent="stretch"
              alignItems="stretch"
              classes={
                Object {
                  ".MuiGrid-spacing-xs-16-21 > .MuiGrid-typeItem-2": "MuiGrid-spacing-xs-16-21 > .MuiGrid-typeItem-2",
                  ".MuiGrid-spacing-xs-24-22 > .MuiGrid-typeItem-2": "MuiGrid-spacing-xs-24-22 > .MuiGrid-typeItem-2",
                  ".MuiGrid-spacing-xs-40-23 > .MuiGrid-typeItem-2": "MuiGrid-spacing-xs-40-23 > .MuiGrid-typeItem-2",
                  ".MuiGrid-spacing-xs-8-20 > .MuiGrid-typeItem-2": "MuiGrid-spacing-xs-8-20 > .MuiGrid-typeItem-2",
                  "align-content-xs-center": "MuiGrid-align-content-xs-center-11",
                  "align-content-xs-flex-end": "MuiGrid-align-content-xs-flex-end-13",
                  "align-content-xs-flex-start": "MuiGrid-align-content-xs-flex-start-12",
                  "align-content-xs-space-around": "MuiGrid-align-content-xs-space-around-15",
                  "align-content-xs-space-between": "MuiGrid-align-content-xs-space-between-14",
                  "align-items-xs-baseline": "MuiGrid-align-items-xs-baseline-10",
                  "align-items-xs-center": "MuiGrid-align-items-xs-center-7",
                  "align-items-xs-flex-end": "MuiGrid-align-items-xs-flex-end-9",
                  "align-items-xs-flex-start": "MuiGrid-align-items-xs-flex-start-8",
                  "direction-xs-column": "MuiGrid-direction-xs-column-3",
                  "direction-xs-column-reverse": "MuiGrid-direction-xs-column-reverse-4",
                  "direction-xs-row-reverse": "MuiGrid-direction-xs-row-reverse-5",
                  "grid-lg": "MuiGrid-grid-lg-63",
                  "grid-lg-1": "MuiGrid-grid-lg-1-64",
                  "grid-lg-10": "MuiGrid-grid-lg-10-73",
                  "grid-lg-11": "MuiGrid-grid-lg-11-74",
                  "grid-lg-12": "MuiGrid-grid-lg-12-75",
                  "grid-lg-2": "MuiGrid-grid-lg-2-65",
                  "grid-lg-3": "MuiGrid-grid-lg-3-66",
                  "grid-lg-4": "MuiGrid-grid-lg-4-67",
                  "grid-lg-5": "MuiGrid-grid-lg-5-68",
                  "grid-lg-6": "MuiGrid-grid-lg-6-69",
                  "grid-lg-7": "MuiGrid-grid-lg-7-70",
                  "grid-lg-8": "MuiGrid-grid-lg-8-71",
                  "grid-lg-9": "MuiGrid-grid-lg-9-72",
                  "grid-md": "MuiGrid-grid-md-50",
                  "grid-md-1": "MuiGrid-grid-md-1-51",
                  "grid-md-10": "MuiGrid-grid-md-10-60",
                  "grid-md-11": "MuiGrid-grid-md-11-61",
                  "grid-md-12": "MuiGrid-grid-md-12-62",
                  "grid-md-2": "MuiGrid-grid-md-2-52",
                  "grid-md-3": "MuiGrid-grid-md-3-53",
                  "grid-md-4": "MuiGrid-grid-md-4-54",
                  "grid-md-5": "MuiGrid-grid-md-5-55",
                  "grid-md-6": "MuiGrid-grid-md-6-56",
                  "grid-md-7": "MuiGrid-grid-md-7-57",
                  "grid-md-8": "MuiGrid-grid-md-8-58",
                  "grid-md-9": "MuiGrid-grid-md-9-59",
                  "grid-sm": "MuiGrid-grid-sm-37",
                  "grid-sm-1": "MuiGrid-grid-sm-1-38",
                  "grid-sm-10": "MuiGrid-grid-sm-10-47",
                  "grid-sm-11": "MuiGrid-grid-sm-11-48",
                  "grid-sm-12": "MuiGrid-grid-sm-12-49",
                  "grid-sm-2": "MuiGrid-grid-sm-2-39",
                  "grid-sm-3": "MuiGrid-grid-sm-3-40",
                  "grid-sm-4": "MuiGrid-grid-sm-4-41",
                  "grid-sm-5": "MuiGrid-grid-sm-5-42",
                  "grid-sm-6": "MuiGrid-grid-sm-6-43",
                  "grid-sm-7": "MuiGrid-grid-sm-7-44",
                  "grid-sm-8": "MuiGrid-grid-sm-8-45",
                  "grid-sm-9": "MuiGrid-grid-sm-9-46",
                  "grid-xl": "MuiGrid-grid-xl-76",
                  "grid-xl-1": "MuiGrid-grid-xl-1-77",
                  "grid-xl-10": "MuiGrid-grid-xl-10-86",
                  "grid-xl-11": "MuiGrid-grid-xl-11-87",
                  "grid-xl-12": "MuiGrid-grid-xl-12-88",
                  "grid-xl-2": "MuiGrid-grid-xl-2-78",
                  "grid-xl-3": "MuiGrid-grid-xl-3-79",
                  "grid-xl-4": "MuiGrid-grid-xl-4-80",
                  "grid-xl-5": "MuiGrid-grid-xl-5-81",
                  "grid-xl-6": "MuiGrid-grid-xl-6-82",
                  "grid-xl-7": "MuiGrid-grid-xl-7-83",
                  "grid-xl-8": "MuiGrid-grid-xl-8-84",
                  "grid-xl-9": "MuiGrid-grid-xl-9-85",
                  "grid-xs": "MuiGrid-grid-xs-24",
                  "grid-xs-1": "MuiGrid-grid-xs-1-25",
                  "grid-xs-10": "MuiGrid-grid-xs-10-34",
                  "grid-xs-11": "MuiGrid-grid-xs-11-35",
                  "grid-xs-12": "MuiGrid-grid-xs-12-36",
                  "grid-xs-2": "MuiGrid-grid-xs-2-26",
                  "grid-xs-3": "MuiGrid-grid-xs-3-27",
                  "grid-xs-4": "MuiGrid-grid-xs-4-28",
                  "grid-xs-5": "MuiGrid-grid-xs-5-29",
                  "grid-xs-6": "MuiGrid-grid-xs-6-30",
                  "grid-xs-7": "MuiGrid-grid-xs-7-31",
                  "grid-xs-8": "MuiGrid-grid-xs-8-32",
                  "grid-xs-9": "MuiGrid-grid-xs-9-33",
                  "justify-xs-center": "MuiGrid-justify-xs-center-16",
                  "justify-xs-flex-end": "MuiGrid-justify-xs-flex-end-17",
                  "justify-xs-space-around": "MuiGrid-justify-xs-space-around-19",
                  "justify-xs-space-between": "MuiGrid-justify-xs-space-between-18",
                  "spacing-xs-16": "MuiGrid-spacing-xs-16-21",
                  "spacing-xs-24": "MuiGrid-spacing-xs-24-22",
                  "spacing-xs-40": "MuiGrid-spacing-xs-40-23",
                  "spacing-xs-8": "MuiGrid-spacing-xs-8-20",
                  "typeContainer": "MuiGrid-typeContainer-1",
                  "typeItem": "MuiGrid-typeItem-2",
                  "wrap-xs-nowrap": "MuiGrid-wrap-xs-nowrap-6",
                }
              }
              component="div"
              container={false}
              direction="row"
              hidden={undefined}
              item={false}
              justify="center"
              spacing={16}
              style={
                Object {
                  "height": "100vh",
                }
              }
              wrap="wrap"
            >
              <div
                align="center"
                className="MuiGrid-justify-xs-center-16"
                style={
                  Object {
                    "height": "100vh",
                  }
                }
              >
                <Spinner
                  fadeIn="full"
                  name="circle"
                  noFadeIn={false}
                  overrideSpinnerClassName=""
                >
                  <div
                    className="sk-fade-in sk-spinner sk-circle"
                  >
                    <div
                      key="0"
                    />
                    <div
                      key="1"
                    />
                    <div
                      key="2"
                    />
                    <div
                      key="3"
                    />
                    <div
                      key="4"
                    />
                    <div
                      key="5"
                    />
                    <div
                      key="6"
                    />
                    <div
                      key="7"
                    />
                    <div
                      key="8"
                    />
                    <div
                      key="9"
                    />
                    <div
                      key="10"
                    />
                    <div
                      key="11"
                    />
                  </div>
                </Spinner>
              </div>
            </Grid>
          </GridWrapper>
        </withStyles(GridWrapper)>
      </Loader>
    </AuthWrapper(MyComponent)>
  </Connect(AuthWrapper(MyComponent))>
</Provider>
`;

exports[`[HOC] needsVisitor should render wrappedComponent correctly 1`] = `
<Provider
  store={
    Object {
      "clearActions": [Function],
      "dispatch": [Function],
      "firebase": Object {
        "INTERNAL": Object {
          "ErrorFactory": [Function],
          "Promise": [Function],
          "createFirebaseNamespace": [Function],
          "createSubscribe": [Function],
          "deepExtend": [Function],
          "extendNamespace": [Function],
          "factories": Object {
            "auth": [Function],
            "database": [Function],
          },
          "node": Object {
            "XMLHttpRequest": [Function],
            "localStorage": Storage {},
            "sessionStorage": Storage {},
          },
          "registerService": [Function],
          "removeApp": [Function],
          "useAsService": [Function],
        },
        "Promise": [Function],
        "SDK_VERSION": "4.5.0",
        "User": [Function],
        "_": Object {
          "authUid": null,
          "config": Object {
            "apiKey": "asdf",
            "authDomain": "asdf",
            "databaseURL": "ws://127.0.1:5000",
            "enableRedirectHandling": false,
            "messagingSenderId": "asdf",
            "storageBucket": "asdf",
            "userProfile": "users",
          },
          "watchers": Object {},
        },
        "__esModule": true,
        "app": [Function],
        "apps": Array [],
        "auth": [Function],
        "database": [Function],
        "default": [Circular],
        "initializeApp": [Function],
      },
      "getActions": [Function],
      "getState": [Function],
      "replaceReducer": [Function],
      "subscribe": [Function],
    }
  }
>
  <Connect(AuthWrapper(MyComponent))
    location={
      Object {
        "hash": "",
        "pathname": "/some-visitor-specific-url",
        "search": "",
      }
    }
  >
    <AuthWrapper(MyComponent)
      dispatch={[Function]}
      isAuthenticated={true}
      isAuthenticating={false}
      location={
        Object {
          "hash": "",
          "pathname": "/some-visitor-specific-url",
          "search": "",
        }
      }
      redirectPath="/you-cant-see-visitor-page"
    >
      <MyComponent
        dispatch={[Function]}
        isAuthenticated={true}
        isAuthenticating={false}
        location={
          Object {
            "hash": "",
            "pathname": "/some-visitor-specific-url",
            "search": "",
          }
        }
        redirectPath="/you-cant-see-visitor-page"
      >
        <div>
          i am a visitor
        </div>
      </MyComponent>
    </AuthWrapper(MyComponent)>
  </Connect(AuthWrapper(MyComponent))>
</Provider>
`;
